// Jest Snapshot v1, https://goo.gl/fbAQLP

exports[`Loader component should render without errors 1`] = `
<div
  className="Loader"
/>
`;
