// Jest Snapshot v1, https://goo.gl/fbAQLP

exports[`Layout component should render without errors 1`] = `
<div
  className="LayoutStyles"
>
  <main />
</div>
`;
